
> soaring-wilderness@0.1.0 test:smoke
> playwright test --workers=1


Running 43 tests using 1 worker

  ✓   1 tests/app.smoke.ts:76:1 › renders high-detail terrain, streams, and supports camera controls (7.6s)
  ✓   2 tests/app.smoke.ts:127:1 › caps normal rendering at two million pixels through viewport and DPR changes (682ms)
  ✓   3 tests/app.smoke.ts:157:1 › caps Low power rendering during DPR and large viewport changes (512ms)
  ✓   4 tests/app.smoke.ts:178:1 › keeps smoke rendering at its reduced ratio within the pixel budget (426ms)
  ✓   5 tests/app.smoke.ts:277:1 › rebases render coordinates while navigation stays in world coordinates (488ms)
  ✓   6 tests/app.smoke.ts:297:1 › tracks the active thermal and persists the visibility setting (1.1s)
  ✓   7 tests/app.smoke.ts:329:1 › persists safe local-terrain height bounds across reloads (746ms)
  ✓   8 tests/app.smoke.ts:351:1 › visibility and camera distance persist independently (7.6s)
  ✓   9 tests/app.smoke.ts:426:1 › mouse wheel zooms the camera and stays in sync with the slider (3.3s)
  ✓  10 tests/app.smoke.ts:450:1 › a dragged camera angle stays until a double-click resets it, and a drag never resets (4.4s)
  ✓  11 tests/app.smoke.ts:481:1 › low-power mode persists, uses its work budget, and focus always caps at 30 fps (11.6s)
  ✓  12 tests/app.smoke.ts:528:1 › fullscreen toggle and F keep the idle scene clear while settings and diagnostics still work (5.0s)
  ✓  13 tests/app.smoke.ts:563:1 › defaults terrain visibility to 5 km and streams bounded work at each LOD tier out to the 5 km max (6.9s)
  ✓  14 tests/app.smoke.ts:605:1 › settings stay scrollable within short desktop and mobile viewports (604ms)
  ✓  15 tests/app.smoke.ts:626:1 › migrates prior volume, saves independent controls, and preserves mute on reload (1.1s)
  ✓  16 tests/app.smoke.ts:656:1 › the first mute gesture and a pending audio start respect the saved mute choice (952ms)
  ✓  17 tests/app.smoke.ts:699:1 › suspends hidden audio and bounds the first visible simulation step (1.2s)
  ✓  18 tests/app.smoke.ts:793:1 › captures painted clouds from one seed and viewpoint across the day (3.8s)
  ✓  19 tests/app.smoke.ts:868:1 › renders daytime, aurora, and midnight sky states (1.4s)
  ✓  20 tests/app.smoke.ts:923:1 › shows sea-level water from altitude without page errors (8.2s)
  ✓  21 tests/app.smoke.ts:954:1 › a blocked browser audio context keeps the mute control usable without page errors (560ms)
  ✓  22 tests/biomes.smoke.ts:7:1 › renders blended biome terrain with deterministic shared chunk edges (4.5s)
  ✓  23 tests/biomes.smoke.ts:87:1 › renders varied farmland with physical hedgerows (6.3s)
  ✓  24 tests/chunk-budget.smoke.ts:4:1 › retains valid partial terrain work across a center change (379ms)
  ✓  25 tests/chunk-budget.smoke.ts:29:1 › resumable streaming cancels safely and reuses detached buffers (16.4s)
  ✓  26 tests/climate.smoke.ts:6:1 › climate selects lowland biomes and cools rendered ground deterministically (391ms)
  ✓  27 tests/cloud-sea.smoke.ts:12:1 › morning mist lies over a lake and is absent over dry ground (10.3s)
  ✓  28 tests/continental.smoke.ts:6:1 › continental terrain interlocks land and common sea-level water (632ms)
  ✓  29 tests/fog-readback.smoke.ts:11:1 › samples horizon fog asynchronously at fixed sky phases (16.8s)
  ✓  30 tests/highlands-cover.smoke.ts:5:1 › Highlands snow caps remain visible from the default chase camera (7.5s)
  ✓  31 tests/highlands.smoke.ts:15:1 › one hour through Highlands keeps clearance and climb behavior safe (2.6s)
  ✓  32 tests/lakeland.smoke.ts:5:1 › sea-level basins use terrain triangles and seamless water across tiers (3.7s)
  ✓  33 tests/lowland-climate.smoke.ts:6:1 › continental height and climate remain separate fields (382ms)
  ✓  34 tests/perf-bench.smoke.ts:23:1 › two runs of one build report identical draw calls and triangles at five held vantages (47.1s)
  ✓  35 tests/perf-bench.smoke.ts:85:1 › reports GPU timing as unavailable when the timer extension is missing (4.7s)
  ✓  36 tests/perf-bench.smoke.ts:98:1 › discards GPU timings that follow a disjoint event and deletes every query (5.3s)
  ✓  37 tests/perf-bench.smoke.ts:119:1 › keeps profiling dev-only: no timer query without ?profile and none in the production bundle (2.0s)
  ✓  38 tests/picture-diff.smoke.ts:11:1 › picture diff reports exact changed-pixel statistics (0ms)
  ✓  39 tests/picture-diff.smoke.ts:21:1 › picture diff refuses dimensions and environment mismatches (1ms)
  ✓  40 tests/puff-clouds.smoke.ts:19:1 › keeps forty seeded puffs, drifts and wraps them, and adds one draw call (7.7s)
  ✓  41 tests/puff-clouds.smoke.ts:96:1 › captures the puff deck from low, mid, and high chase flights at noon and golden hour (17.4s)
  ✓  42 tests/sky-bodies.smoke.ts:51:1 › the moon glows with a face and stars appear with the afterglow (2.2s)
  ✓  43 tests/sky-lighting.smoke.ts:4:1 › puff faces follow sky light and night exposure decreases without a global grade (2.0s)

  43 passed (3.8m)
