
> soaring-wilderness@0.1.0 test:smoke
> playwright test


Running 21 tests using 6 workers

  ✓   3 tests/biomes.smoke.ts:6:1 › renders blended biome terrain with deterministic shared chunk edges (9.1s)
  ✓   2 tests/highlands.smoke.ts:12:1 › one hour through Highlands keeps clearance and climb behavior safe (9.7s)
  ✓   6 tests/app.smoke.ts:75:1 › renders high-detail terrain, streams, and supports camera controls (11.5s)
  ✓   8 tests/app.smoke.ts:145:1 › rebases render coordinates while navigation stays in world coordinates (696ms)
  ✓   9 tests/app.smoke.ts:165:1 › tracks the active thermal and persists the visibility setting (1.5s)
  ✓  10 tests/app.smoke.ts:193:1 › persists safe local-terrain height bounds across reloads (927ms)
  ✓   5 tests/highlands-cover.smoke.ts:5:1 › Highlands snow caps remain visible from the default chase camera (15.7s)
  ✓   4 tests/lakeland.smoke.ts:5:1 › renders a long valley lake with a wooded island, beach and seamless water tiers (18.5s)
  ✓  11 tests/app.smoke.ts:215:1 › visibility and camera distance persist independently (9.5s)
  ✓   7 tests/biomes.smoke.ts:70:1 › renders varied farmland with physical hedgerows (18.0s)
  ✓  12 tests/app.smoke.ts:290:1 › low-power mode persists, uses its work budget, and focus always caps at 30 fps (11.4s)
  ✓  13 tests/app.smoke.ts:337:1 › fullscreen toggle and F keep the idle scene clear while settings and diagnostics still work (5.1s)
  ✓  14 tests/app.smoke.ts:372:1 › defaults terrain visibility to 5 km and streams bounded work at each LOD tier out to the 5 km max (17.5s)
  ✓  15 tests/app.smoke.ts:409:1 › settings stay scrollable within short desktop and mobile viewports (662ms)
  ✓  16 tests/app.smoke.ts:430:1 › migrates prior volume, saves independent controls, and preserves mute on reload (1.2s)
  ✓  17 tests/app.smoke.ts:460:1 › the first mute gesture and a pending audio start respect the saved mute choice (991ms)
  ✓  18 tests/app.smoke.ts:503:1 › suspends hidden audio and bounds the first visible simulation step (1.3s)
  ✓  19 tests/app.smoke.ts:597:1 › renders daytime, aurora, and midnight sky states (1.1s)
  ✓  20 tests/app.smoke.ts:652:1 › shows drainage water from altitude without page errors (18.7s)
  ✓  21 tests/app.smoke.ts:683:1 › a blocked browser audio context keeps the mute control usable without page errors (666ms)
  ✓   1 tests/chunk-budget.smoke.ts:3:1 › resumable streaming cancels safely and reuses detached buffers (1.7m)

  21 passed (1.7m)
