
> soaring-wilderness@0.1.0 check
> npm run test && npm run build


> soaring-wilderness@0.1.0 test
> vitest run


 RUN  v3.2.7 /Users/pgrigorakis/.treehouse/soaring-b45a19/4/soaring

 ✓ tests/sky-cycle.test.ts (4 tests) 5ms
 ✓ tests/audio.test.ts (6 tests) 19ms
 ✓ tests/eagle.test.ts (4 tests) 449ms
   ✓ procedural eagle > circles with the rendered bank toward the thermal and climbs at 3–4 m/s  432ms
 ✓ tests/thermal-marker.test.ts (3 tests) 2135ms
   ✓ thermal markers within 3.5 km > reuses one instanced column for every in-range thermal and hides the rest  1018ms
   ✓ thermal markers within 3.5 km > tracks every in-range thermal through seeking, circling, and replacement  830ms
 ✓ tests/world.test.ts (17 tests) 4038ms
   ✓ deterministic world generation > keeps tree positions identical across chunk partitions, including negative boundaries  520ms
   ✓ deterministic world generation > makes large forests, open meadows, small groves and isolated trees  748ms
   ✓ deterministic world generation > places thermals deterministically and never on water  813ms
   ✓ deterministic world generation > carves river valleys without near-vertical walls  303ms
   ✓ deterministic world generation > marks river water at its reach and keeps trees off steep slopes  375ms
   ✓ deterministic world generation > never leaves dry ground under the water drawn at a river or lake edge  1038ms
 ✓ tests/terrain.test.ts (5 tests) 15340ms
   ✓ terrain streaming > streams nearest first within a time budget and covers the reach  568ms
   ✓ terrain streaming > keeps haze on loaded tiles while extending the reach, including after recentering  6557ms
   ✓ terrain streaming > gives distant tiles the same trees and shadows as detailed tiles  6420ms
   ✓ terrain streaming > renders several distinct instanced tree silhouettes at generated world positions  916ms
   ✓ terrain streaming > matches terrain and river water across a chunk seam built by separate streams  878ms
 ✓ tests/navigation.test.ts (13 tests) 44671ms
   ✓ autonomous eagle navigation > finishes a thermal approach through the visible navigation path  2163ms
   ✓ autonomous eagle navigation > keeps a persistent route and bounded world caches during a one-hour navigation flight  7806ms
   ✓ autonomous eagle navigation > never enters terrain and caps thermal climb against smoothed ground in 50–70 m during a one-hour flight  14371ms
   ✓ autonomous eagle navigation > never enters terrain and caps thermal climb against smoothed ground in 90–145 m during a one-hour flight  10101ms
   ✓ autonomous eagle navigation > never enters terrain and caps thermal climb against smoothed ground in 65–210 m during a one-hour flight  8631ms
   ✓ autonomous eagle navigation > circles a thermal with varying radius and bank, climbing without flapping  351ms
   ✓ autonomous eagle navigation > keeps thermal-riding past 19 s when below maximum flight height  344ms
   ✓ autonomous eagle navigation > leaves thermal-riding at maximum flight height without a fixed timer  865ms

 Test Files  7 passed (7)
      Tests  52 passed (52)
   Start at  22:57:29
   Duration  45.06s (transform 320ms, setup 0ms, collect 655ms, tests 66.66s, environment 1ms, prepare 336ms)


> soaring-wilderness@0.1.0 build
> tsc --noEmit && vite build

vite v7.3.6 building client environment for production...
transforming...
✓ 17 modules transformed.
rendering chunks...
computing gzip size...
dist/index.html                   0.79 kB │ gzip:   0.48 kB
dist/assets/index-B4_9kUkP.css    3.34 kB │ gzip:   1.38 kB
dist/assets/index-CL6vev5o.js   609.09 kB │ gzip: 164.11 kB

(!) Some chunks are larger than 500 kB after minification. Consider:
- Using dynamic import() to code-split the application
- Use build.rollupOptions.output.manualChunks to improve chunking: https://rollupjs.org/configuration-options/#output-manualchunks
- Adjust chunk size limit for this warning via build.chunkSizeWarningLimit.
✓ built in 515ms
