
> soaring-wilderness@0.1.0 test:smoke
> playwright test --config=playwright.chunk-ci.config.ts


Running 27 tests using 1 worker

  ✓   1 tests/app.smoke.ts:75:1 › renders high-detail terrain, streams, and supports camera controls (17.7s)
  ✓   2 tests/app.smoke.ts:159:1 › rebases render coordinates while navigation stays in world coordinates (1.3s)
  ✓   3 tests/app.smoke.ts:179:1 › tracks the active thermal and persists the visibility setting (3.7s)
  ✓   4 tests/app.smoke.ts:211:1 › persists safe local-terrain height bounds across reloads (2.9s)
  ✓   5 tests/app.smoke.ts:233:1 › visibility and camera distance persist independently (10.6s)
  ✓   6 tests/app.smoke.ts:308:1 › low-power mode persists, uses its work budget, and focus always caps at 30 fps (12.1s)
  ✓   7 tests/app.smoke.ts:355:1 › fullscreen toggle and F keep the idle scene clear while settings and diagnostics still work (6.2s)
  ✓   8 tests/app.smoke.ts:390:1 › defaults terrain visibility to 5 km and streams bounded work at each LOD tier out to the 5 km max (17.0s)
  ✓   9 tests/app.smoke.ts:432:1 › settings stay scrollable within short desktop and mobile viewports (1.7s)
  ✓  10 tests/app.smoke.ts:453:1 › migrates prior volume, saves independent controls, and preserves mute on reload (3.1s)
  ✓  11 tests/app.smoke.ts:483:1 › the first mute gesture and a pending audio start respect the saved mute choice (3.2s)
  ✓  12 tests/app.smoke.ts:526:1 › suspends hidden audio and bounds the first visible simulation step (2.3s)
  ✓  13 tests/app.smoke.ts:620:1 › renders daytime, aurora, and midnight sky states (2.7s)
  ✓  14 tests/app.smoke.ts:675:1 › shows drainage water from altitude without page errors (23.5s)
  ✓  15 tests/app.smoke.ts:706:1 › a blocked browser audio context keeps the mute control usable without page errors (1.5s)
  ✓  16 tests/biomes.smoke.ts:6:1 › renders blended biome terrain with deterministic shared chunk edges (9.8s)
  ✓  17 tests/biomes.smoke.ts:70:1 › renders varied farmland with physical hedgerows (18.7s)
  ✓  18 tests/chunk-budget.smoke.ts:4:1 › retains valid partial terrain work across a center change (856ms)
  ✓  19 tests/chunk-budget.smoke.ts:29:1 › resumable streaming cancels safely and reuses detached buffers (49.5s)
  ✓  20 tests/fog-readback.smoke.ts:11:1 › samples horizon fog asynchronously at fixed sky phases (24.8s)
  ✓  21 tests/highlands-cover.smoke.ts:5:1 › Highlands snow caps remain visible from the default chase camera (1.1s)
  ✓  22 tests/highlands.smoke.ts:12:1 › one hour through Highlands keeps clearance and climb behavior safe (8.9s)
  ✓  23 tests/lakeland.smoke.ts:5:1 › renders a long valley lake with a wooded island, beach and seamless water tiers (19.2s)
  ✓  24 tests/perf-bench.smoke.ts:23:1 › two runs of one build report identical draw calls and triangles at five held vantages (1.5m)
  ✓  25 tests/perf-bench.smoke.ts:83:1 › reports GPU timing as unavailable when the timer extension is missing (10.1s)
  ✓  26 tests/perf-bench.smoke.ts:96:1 › discards GPU timings that follow a disjoint event and deletes every query (11.2s)
  ✓  27 tests/perf-bench.smoke.ts:117:1 › keeps profiling dev-only: no timer query without ?profile and none in the production bundle (5.5s)

  27 passed (6.0m)
