
Running 1 test using 1 worker

  ✘  1 tests/tmp-camera-delay.smoke.ts:75:1 › a dragged camera angle stays until a double-click resets it, and a drag never resets (7.0s)


  1) tests/tmp-camera-delay.smoke.ts:75:1 › a dragged camera angle stays until a double-click resets it, and a drag never resets 

    Error: expect(received).toBeCloseTo(expected, precision)

    Expected: -1
    Received: -0.0023195084285505796

    Expected precision:    5
    Expected difference: < 0.000005
    Received difference:   0.9976804915714494

       95 |   await page.waitForTimeout(1500);
       96 |   const held = await page.evaluate(() => window.__SOARING__.snapshot());
    >  97 |   expect(held.orbitYaw).toBeCloseTo(dragged.orbitYaw, 5);
          |                         ^
       98 |   expect(held.orbitPitch).toBeCloseTo(dragged.orbitPitch, 5);
       99 |   // A double-click with no drag in the pair resets smoothly.
      100 |   await page.waitForTimeout(700);
        at /Users/pgrigorakis/.treehouse/soaring-b45a19/2/soaring/tests/tmp-camera-delay.smoke.ts:97:25

    attachment #1: screenshot (image/png) ──────────────────────────────────────────────────────────
    test-results/tmp-camera-delay.smoke.ts--11568--it-and-a-drag-never-resets/test-failed-1.png
    ────────────────────────────────────────────────────────────────────────────────────────────────

    Error Context: test-results/tmp-camera-delay.smoke.ts--11568--it-and-a-drag-never-resets/error-context.md

    attachment #4: trace (application/zip) ─────────────────────────────────────────────────────────
    test-results/tmp-camera-delay.smoke.ts--11568--it-and-a-drag-never-resets/trace.zip
    Usage:

        npx playwright show-trace test-results/tmp-camera-delay.smoke.ts--11568--it-and-a-drag-never-resets/trace.zip

    ────────────────────────────────────────────────────────────────────────────────────────────────

  1 failed
    tests/tmp-camera-delay.smoke.ts:75:1 › a dragged camera angle stays until a double-click resets it, and a drag never resets 
