
> soaring-wilderness@0.1.0 test:smoke
> playwright test -c playwright.chunk-ci.config.ts


Running 31 tests using 1 worker

  ✓   1 tests/app.smoke.ts:75:1 › renders high-detail terrain, streams, and supports camera controls (17.0s)
  ✓   2 tests/app.smoke.ts:159:1 › rebases render coordinates while navigation stays in world coordinates (1.2s)
  ✓   3 tests/app.smoke.ts:179:1 › tracks the active thermal and persists the visibility setting (3.5s)
  ✓   4 tests/app.smoke.ts:211:1 › persists safe local-terrain height bounds across reloads (2.8s)
  ✓   5 tests/app.smoke.ts:233:1 › visibility and camera distance persist independently (10.2s)
  ✓   6 tests/app.smoke.ts:308:1 › mouse wheel zooms the camera and stays in sync with the slider (4.2s)
  ✓   7 tests/app.smoke.ts:332:1 › a dragged camera angle stays until a double-click resets it, and a drag never resets (5.2s)
  ✓   8 tests/app.smoke.ts:363:1 › low-power mode persists, uses its work budget, and focus always caps at 30 fps (11.9s)
  ✓   9 tests/app.smoke.ts:410:1 › fullscreen toggle and F keep the idle scene clear while settings and diagnostics still work (5.9s)
  ✓  10 tests/app.smoke.ts:445:1 › defaults terrain visibility to 5 km and streams bounded work at each LOD tier out to the 5 km max (28.0s)
  ✓  11 tests/app.smoke.ts:487:1 › settings stay scrollable within short desktop and mobile viewports (2.2s)
  ✓  12 tests/app.smoke.ts:508:1 › migrates prior volume, saves independent controls, and preserves mute on reload (10.7s)
  ✓  13 tests/app.smoke.ts:538:1 › the first mute gesture and a pending audio start respect the saved mute choice (6.1s)
  ✓  14 tests/app.smoke.ts:581:1 › suspends hidden audio and bounds the first visible simulation step (3.4s)
  ✓  15 tests/app.smoke.ts:675:1 › renders daytime, aurora, and midnight sky states (4.0s)
  ✓  16 tests/app.smoke.ts:730:1 › shows drainage water from altitude without page errors (46.1s)
  ✓  17 tests/app.smoke.ts:761:1 › a blocked browser audio context keeps the mute control usable without page errors (1.7s)
  ✓  18 tests/biomes.smoke.ts:6:1 › renders blended biome terrain with deterministic shared chunk edges (9.1s)
  ✓  19 tests/biomes.smoke.ts:70:1 › renders varied farmland with physical hedgerows (19.0s)
  ✓  20 tests/chunk-budget.smoke.ts:4:1 › retains valid partial terrain work across a center change (789ms)
  ✓  21 tests/chunk-budget.smoke.ts:29:1 › resumable streaming cancels safely and reuses detached buffers (53.6s)
  ✓  22 tests/fog-readback.smoke.ts:11:1 › samples horizon fog asynchronously at fixed sky phases (29.5s)
  ✓  23 tests/highlands-cover.smoke.ts:5:1 › Highlands snow caps remain visible from the default chase camera (19.1s)
  ✓  24 tests/highlands.smoke.ts:12:1 › one hour through Highlands keeps clearance and climb behavior safe (9.8s)
  ✓  25 tests/lakeland.smoke.ts:5:1 › renders a long valley lake with a wooded island, beach and seamless water tiers (18.8s)
  ✓  26 tests/perf-bench.smoke.ts:23:1 › two runs of one build report identical draw calls and triangles at five held vantages (1.6m)
  ✓  27 tests/perf-bench.smoke.ts:85:1 › reports GPU timing as unavailable when the timer extension is missing (9.1s)
  ✓  28 tests/perf-bench.smoke.ts:98:1 › discards GPU timings that follow a disjoint event and deletes every query (10.2s)
  ✓  29 tests/perf-bench.smoke.ts:119:1 › keeps profiling dev-only: no timer query without ?profile and none in the production bundle (4.7s)
  ✓  30 tests/picture-diff.smoke.ts:11:1 › picture diff reports exact changed-pixel statistics (0ms)
  ✓  31 tests/picture-diff.smoke.ts:21:1 › picture diff refuses dimensions and environment mismatches (1ms)

  31 passed (7.4m)
